// Jest Snapshot v1, https://goo.gl/fbAQLP

exports[`WeatherForecastList Organism Default 1`] = `
<RCTScrollView
  ListEmptyComponent={<Styled(Typography) />}
  contentContainerStyle={
    Object {
      "paddingVertical": 24,
    }
  }
  data={
    Array [
      Object {
        "icon": "cloudy",
        "illustration": "cloud",
        "max": 22.33,
        "min": 16.55,
        "timestamp": 1654473600000,
      },
      Object {
        "icon": "cloudy",
        "illustration": "cloud",
        "max": 23.33,
        "min": 17.55,
        "timestamp": 1654560000000,
      },
      Object {
        "icon": "cloudy",
        "illustration": "cloud",
        "max": 24.33,
        "min": 18.55,
        "timestamp": 1654646400000,
      },
      Object {
        "icon": "cloudy",
        "illustration": "cloud",
        "max": 25.33,
        "min": 19.55,
        "timestamp": 1654732800000,
      },
      Object {
        "icon": "cloudy",
        "illustration": "cloud",
        "max": 26.33,
        "min": 20.55,
        "timestamp": 1654819200000,
      },
      Object {
        "icon": "cloudy",
        "illustration": "cloud",
        "max": 27.33,
        "min": 21.55,
        "timestamp": 1654905600000,
      },
      Object {
        "icon": "cloudy",
        "illustration": "cloud",
        "max": 28.33,
        "min": 22.55,
        "timestamp": 1654992000000,
      },
      Object {
        "icon": "cloudy",
        "illustration": "cloud",
        "max": 29.33,
        "min": 23.55,
        "timestamp": 1655078400000,
      },
    ]
  }
  getItem={[Function]}
  getItemCount={[Function]}
  keyExtractor={[Function]}
  onContentSizeChange={[Function]}
  onLayout={[Function]}
  onMomentumScrollBegin={[Function]}
  onMomentumScrollEnd={[Function]}
  onScroll={[Function]}
  onScrollBeginDrag={[Function]}
  onScrollEndDrag={[Function]}
  removeClippedSubviews={false}
  renderItem={[Function]}
  scrollEventThrottle={50}
  showsVerticalScrollIndicator={false}
  stickyHeaderIndices={Array []}
  style={
    Array [
      Object {
        "paddingTop": 16,
      },
    ]
  }
  viewabilityConfigCallbackPairs={Array []}
>
  <View>
    <View
      onLayout={[Function]}
      style={null}
    >
      <View
        style={
          Array [
            Object {
              "alignItems": "center",
              "flexDirection": "row",
              "justifyContent": "space-between",
              "paddingVertical": 16,
              "width": "100%",
            },
          ]
        }
      >
        <Text
          align="left"
          color="gray"
          paragraph={false}
          style={
            Array [
              Object {
                "color": "#949494",
                "fontFamily": "OpenSans_400Regular",
                "fontSize": 32,
                "lineHeight": 48,
                "textAlign": "left",
              },
              Object {
                "flexBasis": 0,
                "flexGrow": 1,
                "flexShrink": 1,
              },
            ]
          }
          variant="h5"
        >
          Domingo
        </Text>
        <View
          accessibilityState={
            Object {
              "disabled": true,
            }
          }
          accessible={true}
          collapsable={false}
          focusable={false}
          onClick={[Function]}
          onResponderGrant={[Function]}
          onResponderMove={[Function]}
          onResponderRelease={[Function]}
          onResponderTerminate={[Function]}
          onResponderTerminationRequest={[Function]}
          onStartShouldSetResponder={[Function]}
          style={
            Object {
              "opacity": 1,
              "width": 36,
            }
          }
        >
          <Text />
        </View>
        <View
          style={
            Array [
              Object {
                "alignItems": "center",
                "flexBasis": 0,
                "flexDirection": "row",
                "flexGrow": 1,
                "flexShrink": 1,
                "justifyContent": "flex-end",
              },
            ]
          }
        >
          <View
            accessibilityState={
              Object {
                "disabled": true,
              }
            }
            accessible={true}
            collapsable={false}
            focusable={false}
            onClick={[Function]}
            onResponderGrant={[Function]}
            onResponderMove={[Function]}
            onResponderRelease={[Function]}
            onResponderTerminate={[Function]}
            onResponderTerminationRequest={[Function]}
            onStartShouldSetResponder={[Function]}
            style={
              Object {
                "opacity": 1,
                "width": 36,
              }
            }
          >
            <Text />
          </View>
          <Text
            align="left"
            color="gray"
            paragraph={false}
            style={
              Array [
                Object {
                  "color": "#949494",
                  "fontFamily": "OpenSans_400Regular",
                  "fontSize": 32,
                  "lineHeight": 48,
                  "textAlign": "left",
                },
                Object {},
              ]
            }
            variant="h5"
          >
            22°
             
          </Text>
          <View
            accessibilityState={
              Object {
                "disabled": true,
              }
            }
            accessible={true}
            collapsable={false}
            focusable={false}
            onClick={[Function]}
            onResponderGrant={[Function]}
            onResponderMove={[Function]}
            onResponderRelease={[Function]}
            onResponderTerminate={[Function]}
            onResponderTerminationRequest={[Function]}
            onStartShouldSetResponder={[Function]}
            style={
              Object {
                "opacity": 1,
                "width": 36,
              }
            }
          >
            <Text />
          </View>
          <Text
            align="left"
            color="gray"
            paragraph={false}
            style={
              Array [
                Object {
                  "color": "#949494",
                  "fontFamily": "OpenSans_400Regular",
                  "fontSize": 32,
                  "lineHeight": 48,
                  "textAlign": "left",
                },
                Object {},
              ]
            }
            variant="h5"
          >
            17°
             
          </Text>
        </View>
      </View>
    </View>
    <View
      onLayout={[Function]}
      style={null}
    >
      <View
        style={
          Array [
            Object {
              "alignItems": "center",
              "flexDirection": "row",
              "justifyContent": "space-between",
              "paddingVertical": 16,
              "width": "100%",
            },
          ]
        }
      >
        <Text
          align="left"
          color="gray"
          paragraph={false}
          style={
            Array [
              Object {
                "color": "#949494",
                "fontFamily": "OpenSans_400Regular",
                "fontSize": 32,
                "lineHeight": 48,
                "textAlign": "left",
              },
              Object {
                "flexBasis": 0,
                "flexGrow": 1,
                "flexShrink": 1,
              },
            ]
          }
          variant="h5"
        >
          Segunda
        </Text>
        <View
          accessibilityState={
            Object {
              "disabled": true,
            }
          }
          accessible={true}
          collapsable={false}
          focusable={false}
          onClick={[Function]}
          onResponderGrant={[Function]}
          onResponderMove={[Function]}
          onResponderRelease={[Function]}
          onResponderTerminate={[Function]}
          onResponderTerminationRequest={[Function]}
          onStartShouldSetResponder={[Function]}
          style={
            Object {
              "opacity": 1,
              "width": 36,
            }
          }
        >
          <Text />
        </View>
        <View
          style={
            Array [
              Object {
                "alignItems": "center",
                "flexBasis": 0,
                "flexDirection": "row",
                "flexGrow": 1,
                "flexShrink": 1,
                "justifyContent": "flex-end",
              },
            ]
          }
        >
          <View
            accessibilityState={
              Object {
                "disabled": true,
              }
            }
            accessible={true}
            collapsable={false}
            focusable={false}
            onClick={[Function]}
            onResponderGrant={[Function]}
            onResponderMove={[Function]}
            onResponderRelease={[Function]}
            onResponderTerminate={[Function]}
            onResponderTerminationRequest={[Function]}
            onStartShouldSetResponder={[Function]}
            style={
              Object {
                "opacity": 1,
                "width": 36,
              }
            }
          >
            <Text />
          </View>
          <Text
            align="left"
            color="gray"
            paragraph={false}
            style={
              Array [
                Object {
                  "color": "#949494",
                  "fontFamily": "OpenSans_400Regular",
                  "fontSize": 32,
                  "lineHeight": 48,
                  "textAlign": "left",
                },
                Object {},
              ]
            }
            variant="h5"
          >
            23°
             
          </Text>
          <View
            accessibilityState={
              Object {
                "disabled": true,
              }
            }
            accessible={true}
            collapsable={false}
            focusable={false}
            onClick={[Function]}
            onResponderGrant={[Function]}
            onResponderMove={[Function]}
            onResponderRelease={[Function]}
            onResponderTerminate={[Function]}
            onResponderTerminationRequest={[Function]}
            onStartShouldSetResponder={[Function]}
            style={
              Object {
                "opacity": 1,
                "width": 36,
              }
            }
          >
            <Text />
          </View>
          <Text
            align="left"
            color="gray"
            paragraph={false}
            style={
              Array [
                Object {
                  "color": "#949494",
                  "fontFamily": "OpenSans_400Regular",
                  "fontSize": 32,
                  "lineHeight": 48,
                  "textAlign": "left",
                },
                Object {},
              ]
            }
            variant="h5"
          >
            18°
             
          </Text>
        </View>
      </View>
    </View>
    <View
      onLayout={[Function]}
      style={null}
    >
      <View
        style={
          Array [
            Object {
              "alignItems": "center",
              "flexDirection": "row",
              "justifyContent": "space-between",
              "paddingVertical": 16,
              "width": "100%",
            },
          ]
        }
      >
        <Text
          align="left"
          color="gray"
          paragraph={false}
          style={
            Array [
              Object {
                "color": "#949494",
                "fontFamily": "OpenSans_400Regular",
                "fontSize": 32,
                "lineHeight": 48,
                "textAlign": "left",
              },
              Object {
                "flexBasis": 0,
                "flexGrow": 1,
                "flexShrink": 1,
              },
            ]
          }
          variant="h5"
        >
          Terça
        </Text>
        <View
          accessibilityState={
            Object {
              "disabled": true,
            }
          }
          accessible={true}
          collapsable={false}
          focusable={false}
          onClick={[Function]}
          onResponderGrant={[Function]}
          onResponderMove={[Function]}
          onResponderRelease={[Function]}
          onResponderTerminate={[Function]}
          onResponderTerminationRequest={[Function]}
          onStartShouldSetResponder={[Function]}
          style={
            Object {
              "opacity": 1,
              "width": 36,
            }
          }
        >
          <Text />
        </View>
        <View
          style={
            Array [
              Object {
                "alignItems": "center",
                "flexBasis": 0,
                "flexDirection": "row",
                "flexGrow": 1,
                "flexShrink": 1,
                "justifyContent": "flex-end",
              },
            ]
          }
        >
          <View
            accessibilityState={
              Object {
                "disabled": true,
              }
            }
            accessible={true}
            collapsable={false}
            focusable={false}
            onClick={[Function]}
            onResponderGrant={[Function]}
            onResponderMove={[Function]}
            onResponderRelease={[Function]}
            onResponderTerminate={[Function]}
            onResponderTerminationRequest={[Function]}
            onStartShouldSetResponder={[Function]}
            style={
              Object {
                "opacity": 1,
                "width": 36,
              }
            }
          >
            <Text />
          </View>
          <Text
            align="left"
            color="gray"
            paragraph={false}
            style={
              Array [
                Object {
                  "color": "#949494",
                  "fontFamily": "OpenSans_400Regular",
                  "fontSize": 32,
                  "lineHeight": 48,
                  "textAlign": "left",
                },
                Object {},
              ]
            }
            variant="h5"
          >
            24°
             
          </Text>
          <View
            accessibilityState={
              Object {
                "disabled": true,
              }
            }
            accessible={true}
            collapsable={false}
            focusable={false}
            onClick={[Function]}
            onResponderGrant={[Function]}
            onResponderMove={[Function]}
            onResponderRelease={[Function]}
            onResponderTerminate={[Function]}
            onResponderTerminationRequest={[Function]}
            onStartShouldSetResponder={[Function]}
            style={
              Object {
                "opacity": 1,
                "width": 36,
              }
            }
          >
            <Text />
          </View>
          <Text
            align="left"
            color="gray"
            paragraph={false}
            style={
              Array [
                Object {
                  "color": "#949494",
                  "fontFamily": "OpenSans_400Regular",
                  "fontSize": 32,
                  "lineHeight": 48,
                  "textAlign": "left",
                },
                Object {},
              ]
            }
            variant="h5"
          >
            19°
             
          </Text>
        </View>
      </View>
    </View>
    <View
      onLayout={[Function]}
      style={null}
    >
      <View
        style={
          Array [
            Object {
              "alignItems": "center",
              "flexDirection": "row",
              "justifyContent": "space-between",
              "paddingVertical": 16,
              "width": "100%",
            },
          ]
        }
      >
        <Text
          align="left"
          color="gray"
          paragraph={false}
          style={
            Array [
              Object {
                "color": "#949494",
                "fontFamily": "OpenSans_400Regular",
                "fontSize": 32,
                "lineHeight": 48,
                "textAlign": "left",
              },
              Object {
                "flexBasis": 0,
                "flexGrow": 1,
                "flexShrink": 1,
              },
            ]
          }
          variant="h5"
        >
          Quarta
        </Text>
        <View
          accessibilityState={
            Object {
              "disabled": true,
            }
          }
          accessible={true}
          collapsable={false}
          focusable={false}
          onClick={[Function]}
          onResponderGrant={[Function]}
          onResponderMove={[Function]}
          onResponderRelease={[Function]}
          onResponderTerminate={[Function]}
          onResponderTerminationRequest={[Function]}
          onStartShouldSetResponder={[Function]}
          style={
            Object {
              "opacity": 1,
              "width": 36,
            }
          }
        >
          <Text />
        </View>
        <View
          style={
            Array [
              Object {
                "alignItems": "center",
                "flexBasis": 0,
                "flexDirection": "row",
                "flexGrow": 1,
                "flexShrink": 1,
                "justifyContent": "flex-end",
              },
            ]
          }
        >
          <View
            accessibilityState={
              Object {
                "disabled": true,
              }
            }
            accessible={true}
            collapsable={false}
            focusable={false}
            onClick={[Function]}
            onResponderGrant={[Function]}
            onResponderMove={[Function]}
            onResponderRelease={[Function]}
            onResponderTerminate={[Function]}
            onResponderTerminationRequest={[Function]}
            onStartShouldSetResponder={[Function]}
            style={
              Object {
                "opacity": 1,
                "width": 36,
              }
            }
          >
            <Text />
          </View>
          <Text
            align="left"
            color="gray"
            paragraph={false}
            style={
              Array [
                Object {
                  "color": "#949494",
                  "fontFamily": "OpenSans_400Regular",
                  "fontSize": 32,
                  "lineHeight": 48,
                  "textAlign": "left",
                },
                Object {},
              ]
            }
            variant="h5"
          >
            25°
             
          </Text>
          <View
            accessibilityState={
              Object {
                "disabled": true,
              }
            }
            accessible={true}
            collapsable={false}
            focusable={false}
            onClick={[Function]}
            onResponderGrant={[Function]}
            onResponderMove={[Function]}
            onResponderRelease={[Function]}
            onResponderTerminate={[Function]}
            onResponderTerminationRequest={[Function]}
            onStartShouldSetResponder={[Function]}
            style={
              Object {
                "opacity": 1,
                "width": 36,
              }
            }
          >
            <Text />
          </View>
          <Text
            align="left"
            color="gray"
            paragraph={false}
            style={
              Array [
                Object {
                  "color": "#949494",
                  "fontFamily": "OpenSans_400Regular",
                  "fontSize": 32,
                  "lineHeight": 48,
                  "textAlign": "left",
                },
                Object {},
              ]
            }
            variant="h5"
          >
            20°
             
          </Text>
        </View>
      </View>
    </View>
    <View
      onLayout={[Function]}
      style={null}
    >
      <View
        style={
          Array [
            Object {
              "alignItems": "center",
              "flexDirection": "row",
              "justifyContent": "space-between",
              "paddingVertical": 16,
              "width": "100%",
            },
          ]
        }
      >
        <Text
          align="left"
          color="gray"
          paragraph={false}
          style={
            Array [
              Object {
                "color": "#949494",
                "fontFamily": "OpenSans_400Regular",
                "fontSize": 32,
                "lineHeight": 48,
                "textAlign": "left",
              },
              Object {
                "flexBasis": 0,
                "flexGrow": 1,
                "flexShrink": 1,
              },
            ]
          }
          variant="h5"
        >
          Quinta
        </Text>
        <View
          accessibilityState={
            Object {
              "disabled": true,
            }
          }
          accessible={true}
          collapsable={false}
          focusable={false}
          onClick={[Function]}
          onResponderGrant={[Function]}
          onResponderMove={[Function]}
          onResponderRelease={[Function]}
          onResponderTerminate={[Function]}
          onResponderTerminationRequest={[Function]}
          onStartShouldSetResponder={[Function]}
          style={
            Object {
              "opacity": 1,
              "width": 36,
            }
          }
        >
          <Text />
        </View>
        <View
          style={
            Array [
              Object {
                "alignItems": "center",
                "flexBasis": 0,
                "flexDirection": "row",
                "flexGrow": 1,
                "flexShrink": 1,
                "justifyContent": "flex-end",
              },
            ]
          }
        >
          <View
            accessibilityState={
              Object {
                "disabled": true,
              }
            }
            accessible={true}
            collapsable={false}
            focusable={false}
            onClick={[Function]}
            onResponderGrant={[Function]}
            onResponderMove={[Function]}
            onResponderRelease={[Function]}
            onResponderTerminate={[Function]}
            onResponderTerminationRequest={[Function]}
            onStartShouldSetResponder={[Function]}
            style={
              Object {
                "opacity": 1,
                "width": 36,
              }
            }
          >
            <Text />
          </View>
          <Text
            align="left"
            color="gray"
            paragraph={false}
            style={
              Array [
                Object {
                  "color": "#949494",
                  "fontFamily": "OpenSans_400Regular",
                  "fontSize": 32,
                  "lineHeight": 48,
                  "textAlign": "left",
                },
                Object {},
              ]
            }
            variant="h5"
          >
            26°
             
          </Text>
          <View
            accessibilityState={
              Object {
                "disabled": true,
              }
            }
            accessible={true}
            collapsable={false}
            focusable={false}
            onClick={[Function]}
            onResponderGrant={[Function]}
            onResponderMove={[Function]}
            onResponderRelease={[Function]}
            onResponderTerminate={[Function]}
            onResponderTerminationRequest={[Function]}
            onStartShouldSetResponder={[Function]}
            style={
              Object {
                "opacity": 1,
                "width": 36,
              }
            }
          >
            <Text />
          </View>
          <Text
            align="left"
            color="gray"
            paragraph={false}
            style={
              Array [
                Object {
                  "color": "#949494",
                  "fontFamily": "OpenSans_400Regular",
                  "fontSize": 32,
                  "lineHeight": 48,
                  "textAlign": "left",
                },
                Object {},
              ]
            }
            variant="h5"
          >
            21°
             
          </Text>
        </View>
      </View>
    </View>
    <View
      onLayout={[Function]}
      style={null}
    >
      <View
        style={
          Array [
            Object {
              "alignItems": "center",
              "flexDirection": "row",
              "justifyContent": "space-between",
              "paddingVertical": 16,
              "width": "100%",
            },
          ]
        }
      >
        <Text
          align="left"
          color="gray"
          paragraph={false}
          style={
            Array [
              Object {
                "color": "#949494",
                "fontFamily": "OpenSans_400Regular",
                "fontSize": 32,
                "lineHeight": 48,
                "textAlign": "left",
              },
              Object {
                "flexBasis": 0,
                "flexGrow": 1,
                "flexShrink": 1,
              },
            ]
          }
          variant="h5"
        >
          Sexta
        </Text>
        <View
          accessibilityState={
            Object {
              "disabled": true,
            }
          }
          accessible={true}
          collapsable={false}
          focusable={false}
          onClick={[Function]}
          onResponderGrant={[Function]}
          onResponderMove={[Function]}
          onResponderRelease={[Function]}
          onResponderTerminate={[Function]}
          onResponderTerminationRequest={[Function]}
          onStartShouldSetResponder={[Function]}
          style={
            Object {
              "opacity": 1,
              "width": 36,
            }
          }
        >
          <Text />
        </View>
        <View
          style={
            Array [
              Object {
                "alignItems": "center",
                "flexBasis": 0,
                "flexDirection": "row",
                "flexGrow": 1,
                "flexShrink": 1,
                "justifyContent": "flex-end",
              },
            ]
          }
        >
          <View
            accessibilityState={
              Object {
                "disabled": true,
              }
            }
            accessible={true}
            collapsable={false}
            focusable={false}
            onClick={[Function]}
            onResponderGrant={[Function]}
            onResponderMove={[Function]}
            onResponderRelease={[Function]}
            onResponderTerminate={[Function]}
            onResponderTerminationRequest={[Function]}
            onStartShouldSetResponder={[Function]}
            style={
              Object {
                "opacity": 1,
                "width": 36,
              }
            }
          >
            <Text />
          </View>
          <Text
            align="left"
            color="gray"
            paragraph={false}
            style={
              Array [
                Object {
                  "color": "#949494",
                  "fontFamily": "OpenSans_400Regular",
                  "fontSize": 32,
                  "lineHeight": 48,
                  "textAlign": "left",
                },
                Object {},
              ]
            }
            variant="h5"
          >
            27°
             
          </Text>
          <View
            accessibilityState={
              Object {
                "disabled": true,
              }
            }
            accessible={true}
            collapsable={false}
            focusable={false}
            onClick={[Function]}
            onResponderGrant={[Function]}
            onResponderMove={[Function]}
            onResponderRelease={[Function]}
            onResponderTerminate={[Function]}
            onResponderTerminationRequest={[Function]}
            onStartShouldSetResponder={[Function]}
            style={
              Object {
                "opacity": 1,
                "width": 36,
              }
            }
          >
            <Text />
          </View>
          <Text
            align="left"
            color="gray"
            paragraph={false}
            style={
              Array [
                Object {
                  "color": "#949494",
                  "fontFamily": "OpenSans_400Regular",
                  "fontSize": 32,
                  "lineHeight": 48,
                  "textAlign": "left",
                },
                Object {},
              ]
            }
            variant="h5"
          >
            22°
             
          </Text>
        </View>
      </View>
    </View>
    <View
      onLayout={[Function]}
      style={null}
    >
      <View
        style={
          Array [
            Object {
              "alignItems": "center",
              "flexDirection": "row",
              "justifyContent": "space-between",
              "paddingVertical": 16,
              "width": "100%",
            },
          ]
        }
      >
        <Text
          align="left"
          color="gray"
          paragraph={false}
          style={
            Array [
              Object {
                "color": "#949494",
                "fontFamily": "OpenSans_400Regular",
                "fontSize": 32,
                "lineHeight": 48,
                "textAlign": "left",
              },
              Object {
                "flexBasis": 0,
                "flexGrow": 1,
                "flexShrink": 1,
              },
            ]
          }
          variant="h5"
        >
          Sábado
        </Text>
        <View
          accessibilityState={
            Object {
              "disabled": true,
            }
          }
          accessible={true}
          collapsable={false}
          focusable={false}
          onClick={[Function]}
          onResponderGrant={[Function]}
          onResponderMove={[Function]}
          onResponderRelease={[Function]}
          onResponderTerminate={[Function]}
          onResponderTerminationRequest={[Function]}
          onStartShouldSetResponder={[Function]}
          style={
            Object {
              "opacity": 1,
              "width": 36,
            }
          }
        >
          <Text />
        </View>
        <View
          style={
            Array [
              Object {
                "alignItems": "center",
                "flexBasis": 0,
                "flexDirection": "row",
                "flexGrow": 1,
                "flexShrink": 1,
                "justifyContent": "flex-end",
              },
            ]
          }
        >
          <View
            accessibilityState={
              Object {
                "disabled": true,
              }
            }
            accessible={true}
            collapsable={false}
            focusable={false}
            onClick={[Function]}
            onResponderGrant={[Function]}
            onResponderMove={[Function]}
            onResponderRelease={[Function]}
            onResponderTerminate={[Function]}
            onResponderTerminationRequest={[Function]}
            onStartShouldSetResponder={[Function]}
            style={
              Object {
                "opacity": 1,
                "width": 36,
              }
            }
          >
            <Text />
          </View>
          <Text
            align="left"
            color="gray"
            paragraph={false}
            style={
              Array [
                Object {
                  "color": "#949494",
                  "fontFamily": "OpenSans_400Regular",
                  "fontSize": 32,
                  "lineHeight": 48,
                  "textAlign": "left",
                },
                Object {},
              ]
            }
            variant="h5"
          >
            28°
             
          </Text>
          <View
            accessibilityState={
              Object {
                "disabled": true,
              }
            }
            accessible={true}
            collapsable={false}
            focusable={false}
            onClick={[Function]}
            onResponderGrant={[Function]}
            onResponderMove={[Function]}
            onResponderRelease={[Function]}
            onResponderTerminate={[Function]}
            onResponderTerminationRequest={[Function]}
            onStartShouldSetResponder={[Function]}
            style={
              Object {
                "opacity": 1,
                "width": 36,
              }
            }
          >
            <Text />
          </View>
          <Text
            align="left"
            color="gray"
            paragraph={false}
            style={
              Array [
                Object {
                  "color": "#949494",
                  "fontFamily": "OpenSans_400Regular",
                  "fontSize": 32,
                  "lineHeight": 48,
                  "textAlign": "left",
                },
                Object {},
              ]
            }
            variant="h5"
          >
            23°
             
          </Text>
        </View>
      </View>
    </View>
    <View
      onLayout={[Function]}
      style={null}
    >
      <View
        style={
          Array [
            Object {
              "alignItems": "center",
              "flexDirection": "row",
              "justifyContent": "space-between",
              "paddingVertical": 16,
              "width": "100%",
            },
          ]
        }
      >
        <Text
          align="left"
          color="gray"
          paragraph={false}
          style={
            Array [
              Object {
                "color": "#949494",
                "fontFamily": "OpenSans_400Regular",
                "fontSize": 32,
                "lineHeight": 48,
                "textAlign": "left",
              },
              Object {
                "flexBasis": 0,
                "flexGrow": 1,
                "flexShrink": 1,
              },
            ]
          }
          variant="h5"
        >
          Domingo
        </Text>
        <View
          accessibilityState={
            Object {
              "disabled": true,
            }
          }
          accessible={true}
          collapsable={false}
          focusable={false}
          onClick={[Function]}
          onResponderGrant={[Function]}
          onResponderMove={[Function]}
          onResponderRelease={[Function]}
          onResponderTerminate={[Function]}
          onResponderTerminationRequest={[Function]}
          onStartShouldSetResponder={[Function]}
          style={
            Object {
              "opacity": 1,
              "width": 36,
            }
          }
        >
          <Text />
        </View>
        <View
          style={
            Array [
              Object {
                "alignItems": "center",
                "flexBasis": 0,
                "flexDirection": "row",
                "flexGrow": 1,
                "flexShrink": 1,
                "justifyContent": "flex-end",
              },
            ]
          }
        >
          <View
            accessibilityState={
              Object {
                "disabled": true,
              }
            }
            accessible={true}
            collapsable={false}
            focusable={false}
            onClick={[Function]}
            onResponderGrant={[Function]}
            onResponderMove={[Function]}
            onResponderRelease={[Function]}
            onResponderTerminate={[Function]}
            onResponderTerminationRequest={[Function]}
            onStartShouldSetResponder={[Function]}
            style={
              Object {
                "opacity": 1,
                "width": 36,
              }
            }
          >
            <Text />
          </View>
          <Text
            align="left"
            color="gray"
            paragraph={false}
            style={
              Array [
                Object {
                  "color": "#949494",
                  "fontFamily": "OpenSans_400Regular",
                  "fontSize": 32,
                  "lineHeight": 48,
                  "textAlign": "left",
                },
                Object {},
              ]
            }
            variant="h5"
          >
            29°
             
          </Text>
          <View
            accessibilityState={
              Object {
                "disabled": true,
              }
            }
            accessible={true}
            collapsable={false}
            focusable={false}
            onClick={[Function]}
            onResponderGrant={[Function]}
            onResponderMove={[Function]}
            onResponderRelease={[Function]}
            onResponderTerminate={[Function]}
            onResponderTerminationRequest={[Function]}
            onStartShouldSetResponder={[Function]}
            style={
              Object {
                "opacity": 1,
                "width": 36,
              }
            }
          >
            <Text />
          </View>
          <Text
            align="left"
            color="gray"
            paragraph={false}
            style={
              Array [
                Object {
                  "color": "#949494",
                  "fontFamily": "OpenSans_400Regular",
                  "fontSize": 32,
                  "lineHeight": 48,
                  "textAlign": "left",
                },
                Object {},
              ]
            }
            variant="h5"
          >
            24°
             
          </Text>
        </View>
      </View>
    </View>
  </View>
</RCTScrollView>
`;

exports[`WeatherForecastList Organism Empty 1`] = `
<RCTScrollView
  ListEmptyComponent={<Styled(Typography) />}
  contentContainerStyle={
    Object {
      "paddingVertical": 24,
    }
  }
  data={Array []}
  getItem={[Function]}
  getItemCount={[Function]}
  keyExtractor={[Function]}
  onContentSizeChange={[Function]}
  onLayout={[Function]}
  onMomentumScrollBegin={[Function]}
  onMomentumScrollEnd={[Function]}
  onScroll={[Function]}
  onScrollBeginDrag={[Function]}
  onScrollEndDrag={[Function]}
  removeClippedSubviews={false}
  renderItem={[Function]}
  scrollEventThrottle={50}
  showsVerticalScrollIndicator={false}
  stickyHeaderIndices={Array []}
  style={
    Array [
      Object {
        "paddingTop": 16,
      },
    ]
  }
  viewabilityConfigCallbackPairs={Array []}
>
  <View>
    <Text
      align="center"
      color="gray"
      onLayout={[Function]}
      paragraph={false}
      style={
        Array [
          Object {
            "color": "#949494",
            "fontFamily": "OpenSans_400Regular",
            "fontSize": 28,
            "lineHeight": 42,
            "textAlign": "center",
          },
          Object {
            "flexBasis": 0,
            "flexGrow": 1,
            "flexShrink": 1,
          },
        ]
      }
      variant="body1"
    >
      Não foi possível carregar as previsões.
    </Text>
  </View>
</RCTScrollView>
`;

exports[`WeatherForecastList Organism Loading 1`] = `
<View
  flex1={true}
  style={
    Array [
      Object {
        "alignItems": "center",
        "flexBasis": 0,
        "flexGrow": 1,
        "flexShrink": 1,
        "justifyContent": "center",
      },
    ]
  }
>
  <ActivityIndicator
    color="#2E89DF"
    size="large"
  />
</View>
`;

exports[`WeatherForecastList Organism Refreshing 1`] = `
<RCTScrollView
  ListEmptyComponent={<Styled(Typography) />}
  contentContainerStyle={
    Object {
      "paddingVertical": 24,
    }
  }
  data={
    Array [
      Object {
        "icon": "cloudy",
        "illustration": "cloud",
        "max": 22.33,
        "min": 16.55,
        "timestamp": 1654473600000,
      },
      Object {
        "icon": "cloudy",
        "illustration": "cloud",
        "max": 23.33,
        "min": 17.55,
        "timestamp": 1654560000000,
      },
      Object {
        "icon": "cloudy",
        "illustration": "cloud",
        "max": 24.33,
        "min": 18.55,
        "timestamp": 1654646400000,
      },
      Object {
        "icon": "cloudy",
        "illustration": "cloud",
        "max": 25.33,
        "min": 19.55,
        "timestamp": 1654732800000,
      },
      Object {
        "icon": "cloudy",
        "illustration": "cloud",
        "max": 26.33,
        "min": 20.55,
        "timestamp": 1654819200000,
      },
      Object {
        "icon": "cloudy",
        "illustration": "cloud",
        "max": 27.33,
        "min": 21.55,
        "timestamp": 1654905600000,
      },
      Object {
        "icon": "cloudy",
        "illustration": "cloud",
        "max": 28.33,
        "min": 22.55,
        "timestamp": 1654992000000,
      },
      Object {
        "icon": "cloudy",
        "illustration": "cloud",
        "max": 29.33,
        "min": 23.55,
        "timestamp": 1655078400000,
      },
    ]
  }
  getItem={[Function]}
  getItemCount={[Function]}
  keyExtractor={[Function]}
  onContentSizeChange={[Function]}
  onLayout={[Function]}
  onMomentumScrollBegin={[Function]}
  onMomentumScrollEnd={[Function]}
  onScroll={[Function]}
  onScrollBeginDrag={[Function]}
  onScrollEndDrag={[Function]}
  removeClippedSubviews={false}
  renderItem={[Function]}
  scrollEventThrottle={50}
  showsVerticalScrollIndicator={false}
  stickyHeaderIndices={Array []}
  style={
    Array [
      Object {
        "paddingTop": 16,
      },
    ]
  }
  viewabilityConfigCallbackPairs={Array []}
>
  <View>
    <View
      onLayout={[Function]}
      style={null}
    >
      <View
        style={
          Array [
            Object {
              "alignItems": "center",
              "flexDirection": "row",
              "justifyContent": "space-between",
              "paddingVertical": 16,
              "width": "100%",
            },
          ]
        }
      >
        <Text
          align="left"
          color="gray"
          paragraph={false}
          style={
            Array [
              Object {
                "color": "#949494",
                "fontFamily": "OpenSans_400Regular",
                "fontSize": 32,
                "lineHeight": 48,
                "textAlign": "left",
              },
              Object {
                "flexBasis": 0,
                "flexGrow": 1,
                "flexShrink": 1,
              },
            ]
          }
          variant="h5"
        >
          Domingo
        </Text>
        <View
          accessibilityState={
            Object {
              "disabled": true,
            }
          }
          accessible={true}
          collapsable={false}
          focusable={false}
          onClick={[Function]}
          onResponderGrant={[Function]}
          onResponderMove={[Function]}
          onResponderRelease={[Function]}
          onResponderTerminate={[Function]}
          onResponderTerminationRequest={[Function]}
          onStartShouldSetResponder={[Function]}
          style={
            Object {
              "opacity": 1,
              "width": 36,
            }
          }
        >
          <Text />
        </View>
        <View
          style={
            Array [
              Object {
                "alignItems": "center",
                "flexBasis": 0,
                "flexDirection": "row",
                "flexGrow": 1,
                "flexShrink": 1,
                "justifyContent": "flex-end",
              },
            ]
          }
        >
          <View
            accessibilityState={
              Object {
                "disabled": true,
              }
            }
            accessible={true}
            collapsable={false}
            focusable={false}
            onClick={[Function]}
            onResponderGrant={[Function]}
            onResponderMove={[Function]}
            onResponderRelease={[Function]}
            onResponderTerminate={[Function]}
            onResponderTerminationRequest={[Function]}
            onStartShouldSetResponder={[Function]}
            style={
              Object {
                "opacity": 1,
                "width": 36,
              }
            }
          >
            <Text />
          </View>
          <Text
            align="left"
            color="gray"
            paragraph={false}
            style={
              Array [
                Object {
                  "color": "#949494",
                  "fontFamily": "OpenSans_400Regular",
                  "fontSize": 32,
                  "lineHeight": 48,
                  "textAlign": "left",
                },
                Object {},
              ]
            }
            variant="h5"
          >
            22°
             
          </Text>
          <View
            accessibilityState={
              Object {
                "disabled": true,
              }
            }
            accessible={true}
            collapsable={false}
            focusable={false}
            onClick={[Function]}
            onResponderGrant={[Function]}
            onResponderMove={[Function]}
            onResponderRelease={[Function]}
            onResponderTerminate={[Function]}
            onResponderTerminationRequest={[Function]}
            onStartShouldSetResponder={[Function]}
            style={
              Object {
                "opacity": 1,
                "width": 36,
              }
            }
          >
            <Text />
          </View>
          <Text
            align="left"
            color="gray"
            paragraph={false}
            style={
              Array [
                Object {
                  "color": "#949494",
                  "fontFamily": "OpenSans_400Regular",
                  "fontSize": 32,
                  "lineHeight": 48,
                  "textAlign": "left",
                },
                Object {},
              ]
            }
            variant="h5"
          >
            17°
             
          </Text>
        </View>
      </View>
    </View>
    <View
      onLayout={[Function]}
      style={null}
    >
      <View
        style={
          Array [
            Object {
              "alignItems": "center",
              "flexDirection": "row",
              "justifyContent": "space-between",
              "paddingVertical": 16,
              "width": "100%",
            },
          ]
        }
      >
        <Text
          align="left"
          color="gray"
          paragraph={false}
          style={
            Array [
              Object {
                "color": "#949494",
                "fontFamily": "OpenSans_400Regular",
                "fontSize": 32,
                "lineHeight": 48,
                "textAlign": "left",
              },
              Object {
                "flexBasis": 0,
                "flexGrow": 1,
                "flexShrink": 1,
              },
            ]
          }
          variant="h5"
        >
          Segunda
        </Text>
        <View
          accessibilityState={
            Object {
              "disabled": true,
            }
          }
          accessible={true}
          collapsable={false}
          focusable={false}
          onClick={[Function]}
          onResponderGrant={[Function]}
          onResponderMove={[Function]}
          onResponderRelease={[Function]}
          onResponderTerminate={[Function]}
          onResponderTerminationRequest={[Function]}
          onStartShouldSetResponder={[Function]}
          style={
            Object {
              "opacity": 1,
              "width": 36,
            }
          }
        >
          <Text />
        </View>
        <View
          style={
            Array [
              Object {
                "alignItems": "center",
                "flexBasis": 0,
                "flexDirection": "row",
                "flexGrow": 1,
                "flexShrink": 1,
                "justifyContent": "flex-end",
              },
            ]
          }
        >
          <View
            accessibilityState={
              Object {
                "disabled": true,
              }
            }
            accessible={true}
            collapsable={false}
            focusable={false}
            onClick={[Function]}
            onResponderGrant={[Function]}
            onResponderMove={[Function]}
            onResponderRelease={[Function]}
            onResponderTerminate={[Function]}
            onResponderTerminationRequest={[Function]}
            onStartShouldSetResponder={[Function]}
            style={
              Object {
                "opacity": 1,
                "width": 36,
              }
            }
          >
            <Text />
          </View>
          <Text
            align="left"
            color="gray"
            paragraph={false}
            style={
              Array [
                Object {
                  "color": "#949494",
                  "fontFamily": "OpenSans_400Regular",
                  "fontSize": 32,
                  "lineHeight": 48,
                  "textAlign": "left",
                },
                Object {},
              ]
            }
            variant="h5"
          >
            23°
             
          </Text>
          <View
            accessibilityState={
              Object {
                "disabled": true,
              }
            }
            accessible={true}
            collapsable={false}
            focusable={false}
            onClick={[Function]}
            onResponderGrant={[Function]}
            onResponderMove={[Function]}
            onResponderRelease={[Function]}
            onResponderTerminate={[Function]}
            onResponderTerminationRequest={[Function]}
            onStartShouldSetResponder={[Function]}
            style={
              Object {
                "opacity": 1,
                "width": 36,
              }
            }
          >
            <Text />
          </View>
          <Text
            align="left"
            color="gray"
            paragraph={false}
            style={
              Array [
                Object {
                  "color": "#949494",
                  "fontFamily": "OpenSans_400Regular",
                  "fontSize": 32,
                  "lineHeight": 48,
                  "textAlign": "left",
                },
                Object {},
              ]
            }
            variant="h5"
          >
            18°
             
          </Text>
        </View>
      </View>
    </View>
    <View
      onLayout={[Function]}
      style={null}
    >
      <View
        style={
          Array [
            Object {
              "alignItems": "center",
              "flexDirection": "row",
              "justifyContent": "space-between",
              "paddingVertical": 16,
              "width": "100%",
            },
          ]
        }
      >
        <Text
          align="left"
          color="gray"
          paragraph={false}
          style={
            Array [
              Object {
                "color": "#949494",
                "fontFamily": "OpenSans_400Regular",
                "fontSize": 32,
                "lineHeight": 48,
                "textAlign": "left",
              },
              Object {
                "flexBasis": 0,
                "flexGrow": 1,
                "flexShrink": 1,
              },
            ]
          }
          variant="h5"
        >
          Terça
        </Text>
        <View
          accessibilityState={
            Object {
              "disabled": true,
            }
          }
          accessible={true}
          collapsable={false}
          focusable={false}
          onClick={[Function]}
          onResponderGrant={[Function]}
          onResponderMove={[Function]}
          onResponderRelease={[Function]}
          onResponderTerminate={[Function]}
          onResponderTerminationRequest={[Function]}
          onStartShouldSetResponder={[Function]}
          style={
            Object {
              "opacity": 1,
              "width": 36,
            }
          }
        >
          <Text />
        </View>
        <View
          style={
            Array [
              Object {
                "alignItems": "center",
                "flexBasis": 0,
                "flexDirection": "row",
                "flexGrow": 1,
                "flexShrink": 1,
                "justifyContent": "flex-end",
              },
            ]
          }
        >
          <View
            accessibilityState={
              Object {
                "disabled": true,
              }
            }
            accessible={true}
            collapsable={false}
            focusable={false}
            onClick={[Function]}
            onResponderGrant={[Function]}
            onResponderMove={[Function]}
            onResponderRelease={[Function]}
            onResponderTerminate={[Function]}
            onResponderTerminationRequest={[Function]}
            onStartShouldSetResponder={[Function]}
            style={
              Object {
                "opacity": 1,
                "width": 36,
              }
            }
          >
            <Text />
          </View>
          <Text
            align="left"
            color="gray"
            paragraph={false}
            style={
              Array [
                Object {
                  "color": "#949494",
                  "fontFamily": "OpenSans_400Regular",
                  "fontSize": 32,
                  "lineHeight": 48,
                  "textAlign": "left",
                },
                Object {},
              ]
            }
            variant="h5"
          >
            24°
             
          </Text>
          <View
            accessibilityState={
              Object {
                "disabled": true,
              }
            }
            accessible={true}
            collapsable={false}
            focusable={false}
            onClick={[Function]}
            onResponderGrant={[Function]}
            onResponderMove={[Function]}
            onResponderRelease={[Function]}
            onResponderTerminate={[Function]}
            onResponderTerminationRequest={[Function]}
            onStartShouldSetResponder={[Function]}
            style={
              Object {
                "opacity": 1,
                "width": 36,
              }
            }
          >
            <Text />
          </View>
          <Text
            align="left"
            color="gray"
            paragraph={false}
            style={
              Array [
                Object {
                  "color": "#949494",
                  "fontFamily": "OpenSans_400Regular",
                  "fontSize": 32,
                  "lineHeight": 48,
                  "textAlign": "left",
                },
                Object {},
              ]
            }
            variant="h5"
          >
            19°
             
          </Text>
        </View>
      </View>
    </View>
    <View
      onLayout={[Function]}
      style={null}
    >
      <View
        style={
          Array [
            Object {
              "alignItems": "center",
              "flexDirection": "row",
              "justifyContent": "space-between",
              "paddingVertical": 16,
              "width": "100%",
            },
          ]
        }
      >
        <Text
          align="left"
          color="gray"
          paragraph={false}
          style={
            Array [
              Object {
                "color": "#949494",
                "fontFamily": "OpenSans_400Regular",
                "fontSize": 32,
                "lineHeight": 48,
                "textAlign": "left",
              },
              Object {
                "flexBasis": 0,
                "flexGrow": 1,
                "flexShrink": 1,
              },
            ]
          }
          variant="h5"
        >
          Quarta
        </Text>
        <View
          accessibilityState={
            Object {
              "disabled": true,
            }
          }
          accessible={true}
          collapsable={false}
          focusable={false}
          onClick={[Function]}
          onResponderGrant={[Function]}
          onResponderMove={[Function]}
          onResponderRelease={[Function]}
          onResponderTerminate={[Function]}
          onResponderTerminationRequest={[Function]}
          onStartShouldSetResponder={[Function]}
          style={
            Object {
              "opacity": 1,
              "width": 36,
            }
          }
        >
          <Text />
        </View>
        <View
          style={
            Array [
              Object {
                "alignItems": "center",
                "flexBasis": 0,
                "flexDirection": "row",
                "flexGrow": 1,
                "flexShrink": 1,
                "justifyContent": "flex-end",
              },
            ]
          }
        >
          <View
            accessibilityState={
              Object {
                "disabled": true,
              }
            }
            accessible={true}
            collapsable={false}
            focusable={false}
            onClick={[Function]}
            onResponderGrant={[Function]}
            onResponderMove={[Function]}
            onResponderRelease={[Function]}
            onResponderTerminate={[Function]}
            onResponderTerminationRequest={[Function]}
            onStartShouldSetResponder={[Function]}
            style={
              Object {
                "opacity": 1,
                "width": 36,
              }
            }
          >
            <Text />
          </View>
          <Text
            align="left"
            color="gray"
            paragraph={false}
            style={
              Array [
                Object {
                  "color": "#949494",
                  "fontFamily": "OpenSans_400Regular",
                  "fontSize": 32,
                  "lineHeight": 48,
                  "textAlign": "left",
                },
                Object {},
              ]
            }
            variant="h5"
          >
            25°
             
          </Text>
          <View
            accessibilityState={
              Object {
                "disabled": true,
              }
            }
            accessible={true}
            collapsable={false}
            focusable={false}
            onClick={[Function]}
            onResponderGrant={[Function]}
            onResponderMove={[Function]}
            onResponderRelease={[Function]}
            onResponderTerminate={[Function]}
            onResponderTerminationRequest={[Function]}
            onStartShouldSetResponder={[Function]}
            style={
              Object {
                "opacity": 1,
                "width": 36,
              }
            }
          >
            <Text />
          </View>
          <Text
            align="left"
            color="gray"
            paragraph={false}
            style={
              Array [
                Object {
                  "color": "#949494",
                  "fontFamily": "OpenSans_400Regular",
                  "fontSize": 32,
                  "lineHeight": 48,
                  "textAlign": "left",
                },
                Object {},
              ]
            }
            variant="h5"
          >
            20°
             
          </Text>
        </View>
      </View>
    </View>
    <View
      onLayout={[Function]}
      style={null}
    >
      <View
        style={
          Array [
            Object {
              "alignItems": "center",
              "flexDirection": "row",
              "justifyContent": "space-between",
              "paddingVertical": 16,
              "width": "100%",
            },
          ]
        }
      >
        <Text
          align="left"
          color="gray"
          paragraph={false}
          style={
            Array [
              Object {
                "color": "#949494",
                "fontFamily": "OpenSans_400Regular",
                "fontSize": 32,
                "lineHeight": 48,
                "textAlign": "left",
              },
              Object {
                "flexBasis": 0,
                "flexGrow": 1,
                "flexShrink": 1,
              },
            ]
          }
          variant="h5"
        >
          Quinta
        </Text>
        <View
          accessibilityState={
            Object {
              "disabled": true,
            }
          }
          accessible={true}
          collapsable={false}
          focusable={false}
          onClick={[Function]}
          onResponderGrant={[Function]}
          onResponderMove={[Function]}
          onResponderRelease={[Function]}
          onResponderTerminate={[Function]}
          onResponderTerminationRequest={[Function]}
          onStartShouldSetResponder={[Function]}
          style={
            Object {
              "opacity": 1,
              "width": 36,
            }
          }
        >
          <Text />
        </View>
        <View
          style={
            Array [
              Object {
                "alignItems": "center",
                "flexBasis": 0,
                "flexDirection": "row",
                "flexGrow": 1,
                "flexShrink": 1,
                "justifyContent": "flex-end",
              },
            ]
          }
        >
          <View
            accessibilityState={
              Object {
                "disabled": true,
              }
            }
            accessible={true}
            collapsable={false}
            focusable={false}
            onClick={[Function]}
            onResponderGrant={[Function]}
            onResponderMove={[Function]}
            onResponderRelease={[Function]}
            onResponderTerminate={[Function]}
            onResponderTerminationRequest={[Function]}
            onStartShouldSetResponder={[Function]}
            style={
              Object {
                "opacity": 1,
                "width": 36,
              }
            }
          >
            <Text />
          </View>
          <Text
            align="left"
            color="gray"
            paragraph={false}
            style={
              Array [
                Object {
                  "color": "#949494",
                  "fontFamily": "OpenSans_400Regular",
                  "fontSize": 32,
                  "lineHeight": 48,
                  "textAlign": "left",
                },
                Object {},
              ]
            }
            variant="h5"
          >
            26°
             
          </Text>
          <View
            accessibilityState={
              Object {
                "disabled": true,
              }
            }
            accessible={true}
            collapsable={false}
            focusable={false}
            onClick={[Function]}
            onResponderGrant={[Function]}
            onResponderMove={[Function]}
            onResponderRelease={[Function]}
            onResponderTerminate={[Function]}
            onResponderTerminationRequest={[Function]}
            onStartShouldSetResponder={[Function]}
            style={
              Object {
                "opacity": 1,
                "width": 36,
              }
            }
          >
            <Text />
          </View>
          <Text
            align="left"
            color="gray"
            paragraph={false}
            style={
              Array [
                Object {
                  "color": "#949494",
                  "fontFamily": "OpenSans_400Regular",
                  "fontSize": 32,
                  "lineHeight": 48,
                  "textAlign": "left",
                },
                Object {},
              ]
            }
            variant="h5"
          >
            21°
             
          </Text>
        </View>
      </View>
    </View>
    <View
      onLayout={[Function]}
      style={null}
    >
      <View
        style={
          Array [
            Object {
              "alignItems": "center",
              "flexDirection": "row",
              "justifyContent": "space-between",
              "paddingVertical": 16,
              "width": "100%",
            },
          ]
        }
      >
        <Text
          align="left"
          color="gray"
          paragraph={false}
          style={
            Array [
              Object {
                "color": "#949494",
                "fontFamily": "OpenSans_400Regular",
                "fontSize": 32,
                "lineHeight": 48,
                "textAlign": "left",
              },
              Object {
                "flexBasis": 0,
                "flexGrow": 1,
                "flexShrink": 1,
              },
            ]
          }
          variant="h5"
        >
          Sexta
        </Text>
        <View
          accessibilityState={
            Object {
              "disabled": true,
            }
          }
          accessible={true}
          collapsable={false}
          focusable={false}
          onClick={[Function]}
          onResponderGrant={[Function]}
          onResponderMove={[Function]}
          onResponderRelease={[Function]}
          onResponderTerminate={[Function]}
          onResponderTerminationRequest={[Function]}
          onStartShouldSetResponder={[Function]}
          style={
            Object {
              "opacity": 1,
              "width": 36,
            }
          }
        >
          <Text />
        </View>
        <View
          style={
            Array [
              Object {
                "alignItems": "center",
                "flexBasis": 0,
                "flexDirection": "row",
                "flexGrow": 1,
                "flexShrink": 1,
                "justifyContent": "flex-end",
              },
            ]
          }
        >
          <View
            accessibilityState={
              Object {
                "disabled": true,
              }
            }
            accessible={true}
            collapsable={false}
            focusable={false}
            onClick={[Function]}
            onResponderGrant={[Function]}
            onResponderMove={[Function]}
            onResponderRelease={[Function]}
            onResponderTerminate={[Function]}
            onResponderTerminationRequest={[Function]}
            onStartShouldSetResponder={[Function]}
            style={
              Object {
                "opacity": 1,
                "width": 36,
              }
            }
          >
            <Text />
          </View>
          <Text
            align="left"
            color="gray"
            paragraph={false}
            style={
              Array [
                Object {
                  "color": "#949494",
                  "fontFamily": "OpenSans_400Regular",
                  "fontSize": 32,
                  "lineHeight": 48,
                  "textAlign": "left",
                },
                Object {},
              ]
            }
            variant="h5"
          >
            27°
             
          </Text>
          <View
            accessibilityState={
              Object {
                "disabled": true,
              }
            }
            accessible={true}
            collapsable={false}
            focusable={false}
            onClick={[Function]}
            onResponderGrant={[Function]}
            onResponderMove={[Function]}
            onResponderRelease={[Function]}
            onResponderTerminate={[Function]}
            onResponderTerminationRequest={[Function]}
            onStartShouldSetResponder={[Function]}
            style={
              Object {
                "opacity": 1,
                "width": 36,
              }
            }
          >
            <Text />
          </View>
          <Text
            align="left"
            color="gray"
            paragraph={false}
            style={
              Array [
                Object {
                  "color": "#949494",
                  "fontFamily": "OpenSans_400Regular",
                  "fontSize": 32,
                  "lineHeight": 48,
                  "textAlign": "left",
                },
                Object {},
              ]
            }
            variant="h5"
          >
            22°
             
          </Text>
        </View>
      </View>
    </View>
    <View
      onLayout={[Function]}
      style={null}
    >
      <View
        style={
          Array [
            Object {
              "alignItems": "center",
              "flexDirection": "row",
              "justifyContent": "space-between",
              "paddingVertical": 16,
              "width": "100%",
            },
          ]
        }
      >
        <Text
          align="left"
          color="gray"
          paragraph={false}
          style={
            Array [
              Object {
                "color": "#949494",
                "fontFamily": "OpenSans_400Regular",
                "fontSize": 32,
                "lineHeight": 48,
                "textAlign": "left",
              },
              Object {
                "flexBasis": 0,
                "flexGrow": 1,
                "flexShrink": 1,
              },
            ]
          }
          variant="h5"
        >
          Sábado
        </Text>
        <View
          accessibilityState={
            Object {
              "disabled": true,
            }
          }
          accessible={true}
          collapsable={false}
          focusable={false}
          onClick={[Function]}
          onResponderGrant={[Function]}
          onResponderMove={[Function]}
          onResponderRelease={[Function]}
          onResponderTerminate={[Function]}
          onResponderTerminationRequest={[Function]}
          onStartShouldSetResponder={[Function]}
          style={
            Object {
              "opacity": 1,
              "width": 36,
            }
          }
        >
          <Text />
        </View>
        <View
          style={
            Array [
              Object {
                "alignItems": "center",
                "flexBasis": 0,
                "flexDirection": "row",
                "flexGrow": 1,
                "flexShrink": 1,
                "justifyContent": "flex-end",
              },
            ]
          }
        >
          <View
            accessibilityState={
              Object {
                "disabled": true,
              }
            }
            accessible={true}
            collapsable={false}
            focusable={false}
            onClick={[Function]}
            onResponderGrant={[Function]}
            onResponderMove={[Function]}
            onResponderRelease={[Function]}
            onResponderTerminate={[Function]}
            onResponderTerminationRequest={[Function]}
            onStartShouldSetResponder={[Function]}
            style={
              Object {
                "opacity": 1,
                "width": 36,
              }
            }
          >
            <Text />
          </View>
          <Text
            align="left"
            color="gray"
            paragraph={false}
            style={
              Array [
                Object {
                  "color": "#949494",
                  "fontFamily": "OpenSans_400Regular",
                  "fontSize": 32,
                  "lineHeight": 48,
                  "textAlign": "left",
                },
                Object {},
              ]
            }
            variant="h5"
          >
            28°
             
          </Text>
          <View
            accessibilityState={
              Object {
                "disabled": true,
              }
            }
            accessible={true}
            collapsable={false}
            focusable={false}
            onClick={[Function]}
            onResponderGrant={[Function]}
            onResponderMove={[Function]}
            onResponderRelease={[Function]}
            onResponderTerminate={[Function]}
            onResponderTerminationRequest={[Function]}
            onStartShouldSetResponder={[Function]}
            style={
              Object {
                "opacity": 1,
                "width": 36,
              }
            }
          >
            <Text />
          </View>
          <Text
            align="left"
            color="gray"
            paragraph={false}
            style={
              Array [
                Object {
                  "color": "#949494",
                  "fontFamily": "OpenSans_400Regular",
                  "fontSize": 32,
                  "lineHeight": 48,
                  "textAlign": "left",
                },
                Object {},
              ]
            }
            variant="h5"
          >
            23°
             
          </Text>
        </View>
      </View>
    </View>
    <View
      onLayout={[Function]}
      style={null}
    >
      <View
        style={
          Array [
            Object {
              "alignItems": "center",
              "flexDirection": "row",
              "justifyContent": "space-between",
              "paddingVertical": 16,
              "width": "100%",
            },
          ]
        }
      >
        <Text
          align="left"
          color="gray"
          paragraph={false}
          style={
            Array [
              Object {
                "color": "#949494",
                "fontFamily": "OpenSans_400Regular",
                "fontSize": 32,
                "lineHeight": 48,
                "textAlign": "left",
              },
              Object {
                "flexBasis": 0,
                "flexGrow": 1,
                "flexShrink": 1,
              },
            ]
          }
          variant="h5"
        >
          Domingo
        </Text>
        <View
          accessibilityState={
            Object {
              "disabled": true,
            }
          }
          accessible={true}
          collapsable={false}
          focusable={false}
          onClick={[Function]}
          onResponderGrant={[Function]}
          onResponderMove={[Function]}
          onResponderRelease={[Function]}
          onResponderTerminate={[Function]}
          onResponderTerminationRequest={[Function]}
          onStartShouldSetResponder={[Function]}
          style={
            Object {
              "opacity": 1,
              "width": 36,
            }
          }
        >
          <Text />
        </View>
        <View
          style={
            Array [
              Object {
                "alignItems": "center",
                "flexBasis": 0,
                "flexDirection": "row",
                "flexGrow": 1,
                "flexShrink": 1,
                "justifyContent": "flex-end",
              },
            ]
          }
        >
          <View
            accessibilityState={
              Object {
                "disabled": true,
              }
            }
            accessible={true}
            collapsable={false}
            focusable={false}
            onClick={[Function]}
            onResponderGrant={[Function]}
            onResponderMove={[Function]}
            onResponderRelease={[Function]}
            onResponderTerminate={[Function]}
            onResponderTerminationRequest={[Function]}
            onStartShouldSetResponder={[Function]}
            style={
              Object {
                "opacity": 1,
                "width": 36,
              }
            }
          >
            <Text />
          </View>
          <Text
            align="left"
            color="gray"
            paragraph={false}
            style={
              Array [
                Object {
                  "color": "#949494",
                  "fontFamily": "OpenSans_400Regular",
                  "fontSize": 32,
                  "lineHeight": 48,
                  "textAlign": "left",
                },
                Object {},
              ]
            }
            variant="h5"
          >
            29°
             
          </Text>
          <View
            accessibilityState={
              Object {
                "disabled": true,
              }
            }
            accessible={true}
            collapsable={false}
            focusable={false}
            onClick={[Function]}
            onResponderGrant={[Function]}
            onResponderMove={[Function]}
            onResponderRelease={[Function]}
            onResponderTerminate={[Function]}
            onResponderTerminationRequest={[Function]}
            onStartShouldSetResponder={[Function]}
            style={
              Object {
                "opacity": 1,
                "width": 36,
              }
            }
          >
            <Text />
          </View>
          <Text
            align="left"
            color="gray"
            paragraph={false}
            style={
              Array [
                Object {
                  "color": "#949494",
                  "fontFamily": "OpenSans_400Regular",
                  "fontSize": 32,
                  "lineHeight": 48,
                  "textAlign": "left",
                },
                Object {},
              ]
            }
            variant="h5"
          >
            24°
             
          </Text>
        </View>
      </View>
    </View>
  </View>
</RCTScrollView>
`;
